Archive member included because of file (symbol)

/indevel/minibox-android/arm-toolchains/codesourcery/arm-2009q3/bin/../lib/gcc/arm-none-eabi/4.4.1/libgcc.a(_udivsi3.o)
                              obj/dbgu.o (__aeabi_uidiv)
/indevel/minibox-android/arm-toolchains/codesourcery/arm-2009q3/bin/../lib/gcc/arm-none-eabi/4.4.1/libgcc.a(_dvmd_tls.o)
                              /indevel/minibox-android/arm-toolchains/codesourcery/arm-2009q3/bin/../lib/gcc/arm-none-eabi/4.4.1/libgcc.a(_udivsi3.o) (__aeabi_idiv0)
/indevel/minibox-android/arm-toolchains/codesourcery/arm-2009q3/bin/../lib/gcc/arm-none-eabi/4.4.1/../../../../arm-none-eabi/lib/libc.a(lib_a-memcmp.o)
                              obj/tff.o (memcmp)

Allocating common symbols
Common symbol       size              file

medias              0x44              obj/BootSdcard.o
res                 0x1               obj/BootSdcard.o

Discarded input sections

 .data          0x00000000        0x0 obj/board_cstartup.o
 .bss           0x00000000        0x0 obj/board_cstartup.o
 .text          0x00000000        0x0 obj/cp15_asm_gcc.o
 .data          0x00000000        0x0 obj/cp15_asm_gcc.o
 .bss           0x00000000        0x0 obj/cp15_asm_gcc.o
 .CP15_ReadID   0x00000000        0xc obj/cp15_asm_gcc.o
 .CP15_ReaDcacheType
                0x00000000        0xc obj/cp15_asm_gcc.o
 .CP15_ReadTCMStatus
                0x00000000        0xc obj/cp15_asm_gcc.o
 .CP15_ReadControl
                0x00000000        0xc obj/cp15_asm_gcc.o
 .CP15_WriteControl
                0x00000000       0x28 obj/cp15_asm_gcc.o
 .CP15_ReadTTB  0x00000000        0xc obj/cp15_asm_gcc.o
 .CP15_WriteTTB
                0x00000000       0x28 obj/cp15_asm_gcc.o
 .CP15_ReadDomainAccessControl
                0x00000000        0xc obj/cp15_asm_gcc.o
 .CP15_WriteDomainAccessControl
                0x00000000       0x28 obj/cp15_asm_gcc.o
 .CP15_ReadDFSR
                0x00000000        0xc obj/cp15_asm_gcc.o
 .CP15_writeDFSR
                0x00000000        0x8 obj/cp15_asm_gcc.o
 .CP15_ReadIFSR
                0x00000000        0xc obj/cp15_asm_gcc.o
 .CP15_WriteIFSR
                0x00000000        0x8 obj/cp15_asm_gcc.o
 .CP15_ReadFAR  0x00000000        0xc obj/cp15_asm_gcc.o
 .CP15_writeFAR
                0x00000000        0x8 obj/cp15_asm_gcc.o
 .CP15_InvalidateIDcache
                0x00000000       0x2c obj/cp15_asm_gcc.o
 .CP15_InvalidateIcache
                0x00000000       0x2c obj/cp15_asm_gcc.o
 .CP15_InvalidateDcache
                0x00000000       0x2c obj/cp15_asm_gcc.o
 .CP15_PrefetchIcacheLine
                0x00000000        0x8 obj/cp15_asm_gcc.o
 .CP15_TestCleanInvalidateDcache
                0x00000000        0xc obj/cp15_asm_gcc.o
 .CP15_DrainWriteBuffer
                0x00000000        0xc obj/cp15_asm_gcc.o
 .CP15_WaitForInterrupt
                0x00000000        0xc obj/cp15_asm_gcc.o
 .CP15_InvalidateTLB
                0x00000000        0xc obj/cp15_asm_gcc.o
 .CP15_InvalidateTLBMVA
                0x00000000        0x8 obj/cp15_asm_gcc.o
 .CP15_InvalidateITLB
                0x00000000        0xc obj/cp15_asm_gcc.o
 .CP15_InvalidateITLBMVA
                0x00000000        0x8 obj/cp15_asm_gcc.o
 .CP15_InvalidateDTLB
                0x00000000        0xc obj/cp15_asm_gcc.o
 .CP15_InvalidateDTLBMVA
                0x00000000        0x8 obj/cp15_asm_gcc.o
 .CP15_ReadDcacheLockdown
                0x00000000        0xc obj/cp15_asm_gcc.o
 .CP15_WriteDcacheLockdown
                0x00000000       0x28 obj/cp15_asm_gcc.o
 .CP15_ReadIcacheLockdown
                0x00000000        0xc obj/cp15_asm_gcc.o
 .CP15_WriteIcacheLockdown
                0x00000000       0x28 obj/cp15_asm_gcc.o
 .CP15_ReadTLBLockdown
                0x00000000        0xc obj/cp15_asm_gcc.o
 .CP15_WriteTLBLockdown
                0x00000000       0x28 obj/cp15_asm_gcc.o
 .CP15_ReadFCSE_PID
                0x00000000        0xc obj/cp15_asm_gcc.o
 .CP15_WriteFCSE_PID
                0x00000000        0x8 obj/cp15_asm_gcc.o
 .text          0x00000000        0x0 obj/main.o
 .bss           0x00000000        0x0 obj/main.o
 .text          0x00000000        0x0 obj/pio.o
 .data          0x00000000        0x0 obj/pio.o
 .bss           0x00000000        0x0 obj/pio.o
 .text.PIO_Set  0x00000000        0xc obj/pio.o
 .text.PIO_Clear
                0x00000000        0xc obj/pio.o
 .text.PIO_GetOutputDataStatus
                0x00000000       0x1c obj/pio.o
 .text          0x00000000        0x0 obj/aic.o
 .data          0x00000000        0x0 obj/aic.o
 .bss           0x00000000        0x0 obj/aic.o
 .text.IRQ_DisableIT
                0x00000000       0x14 obj/aic.o
 .text          0x00000000        0x0 obj/board_memories.o
 .data          0x00000000        0x0 obj/board_memories.o
 .bss           0x00000000        0x0 obj/board_memories.o
 .text.BOARD_RemapRom
                0x00000000       0x10 obj/board_memories.o
 .text.BOARD_ConfigureVddMemSel
                0x00000000       0x48 obj/board_memories.o
 .text.BOARD_ConfigureDdramCp1
                0x00000000      0x368 obj/board_memories.o
 .text.BOARD_ConfigureSdram
                0x00000000        0x4 obj/board_memories.o
 .text.BOARD_ConfigureNandFlash
                0x00000000       0x78 obj/board_memories.o
 .text.BOARD_ConfigureNandFlash48MHz
                0x00000000       0x78 obj/board_memories.o
 .text.BOARD_ConfigureNorFlash
                0x00000000       0x70 obj/board_memories.o
 .text.BOARD_ConfigureNorFlash48MHz
                0x00000000       0x70 obj/board_memories.o
 .text          0x00000000        0x0 obj/board_lowlevel.o
 .data          0x00000000        0x0 obj/board_lowlevel.o
 .bss           0x00000000        0x0 obj/board_lowlevel.o
 .text          0x00000000        0x0 obj/stdio.o
 .bss           0x00000000        0x0 obj/stdio.o
 .text.PutChar  0x00000000        0xc obj/stdio.o
 .text.PutString
                0x00000000       0x30 obj/stdio.o
 .text.puts     0x00000000       0x2c obj/stdio.o
 .text.sprintf  0x00000000       0x3c obj/stdio.o
 .text.fprintf  0x00000000       0x3c obj/stdio.o
 .text.snprintf
                0x00000000       0x3c obj/stdio.o
 .text          0x00000000        0x0 obj/string.o
 .data          0x00000000        0x0 obj/string.o
 .bss           0x00000000        0x0 obj/string.o
 .text.strchr   0x00000000       0x34 obj/string.o
 .text.strlen   0x00000000       0x28 obj/string.o
 .text.strrchr  0x00000000       0x28 obj/string.o
 .text.strcpy   0x00000000       0x28 obj/string.o
 .text.strncmp  0x00000000       0xb8 obj/string.o
 .text.strncpy  0x00000000       0x94 obj/string.o
 .text          0x00000000        0x0 obj/dbgu.o
 .data          0x00000000        0x0 obj/dbgu.o
 .bss           0x00000000        0x0 obj/dbgu.o
 .text.DBGU_IsRxReady
                0x00000000       0x10 obj/dbgu.o
 .text.DBGU_GetChar
                0x00000000       0x20 obj/dbgu.o
 .text          0x00000000        0x0 obj/trace.o
 .data          0x00000000        0x0 obj/trace.o
 .bss           0x00000000        0x0 obj/trace.o
 .text.TRACE_GetHexa32
                0x00000000      0x328 obj/trace.o
 .text.TRACE_GetInteger
                0x00000000       0xdc obj/trace.o
 .text.TRACE_GetIntegerMinMax
                0x00000000       0xa4 obj/trace.o
 .text.TRACE_DumpFrame
                0x00000000       0xb0 obj/trace.o
 .text          0x00000000        0x0 obj/BootSdcard.o
 .data          0x00000000        0x0 obj/BootSdcard.o
 .text          0x00000000        0x0 obj/diskio.o
 .data          0x00000000        0x0 obj/diskio.o
 .bss           0x00000000        0x0 obj/diskio.o
 .text.disk_ioctl
                0x00000000      0x210 obj/diskio.o
 .text.disk_write
                0x00000000       0xb8 obj/diskio.o
 .text          0x00000000        0x0 obj/tff.o
 .data          0x00000000        0x0 obj/tff.o
 .text.get_fileinfo
                0x00000000      0x34c obj/tff.o
 .text.f_lseek  0x00000000      0x180 obj/tff.o
 .text.f_readdir
                0x00000000       0xe4 obj/tff.o
 .text.f_stat   0x00000000       0x94 obj/tff.o
 .text.f_opendir
                0x00000000       0xfc obj/tff.o
 .text          0x00000000        0x0 obj/Media.o
 .data          0x00000000        0x0 obj/Media.o
 .bss           0x00000000        0x4 obj/Media.o
 .text.MED_HandleAll
                0x00000000       0xac obj/Media.o
 .text          0x00000000        0x0 obj/MEDSdcard.o
 .data          0x00000000        0x0 obj/MEDSdcard.o
 .text.MEDSdcard_GetDriver
                0x00000000       0x18 obj/MEDSdcard.o
 .text.MEDSdcard_EraseBlock
                0x00000000       0x98 obj/MEDSdcard.o
 .text.MEDSdcard_EraseAll
                0x00000000       0xd4 obj/MEDSdcard.o
 .text.SdMmcCallback
                0x00000000       0x6c obj/MEDSdcard.o
 .text.MEDSdusb_Initialize
                0x00000000      0x254 obj/MEDSdcard.o
 .text.MEDSdcard_Detect
                0x00000000       0x20 obj/MEDSdcard.o
 .text.MEDSdusb_Read
                0x00000000       0xf4 obj/MEDSdcard.o
 .text.MEDSdusb_Write
                0x00000000       0xec obj/MEDSdcard.o
 .text          0x00000000        0x0 obj/dmad.o
 .data          0x00000000        0x0 obj/dmad.o
 .text.DMAD_IsFinished
                0x00000000       0x80 obj/dmad.o
 .text.DMAD_BufferTransfer
                0x00000000       0xe4 obj/dmad.o
 .text.DMAD_Configure_TransferController
                0x00000000       0xd0 obj/dmad.o
 .text.DMAD_Configure_Buffer
                0x00000000      0x108 obj/dmad.o
 .text          0x00000000        0x0 obj/dma.o
 .data          0x00000000        0x0 obj/dma.o
 .bss           0x00000000        0x0 obj/dma.o
 .text.DMA_Config
                0x00000000        0xc obj/dma.o
 .text.DMA_Disable
                0x00000000       0x10 obj/dma.o
 .text.DMA_GetMaskedStatus
                0x00000000       0x14 obj/dma.o
 .text.DMA_SetFlowControl
                0x00000000       0x8c obj/dma.o
 .text.DMA_DPIPconfiguration
                0x00000000       0x68 obj/dma.o
 .text.DMA_SPIPconfiguration
                0x00000000       0x68 obj/dma.o
 .text          0x00000000        0x0 obj/mci_hs.o
 .text.MCI_SetBusyFix
                0x00000000        0x8 obj/mci_hs.o
 .text.MCI_CheckBlke
                0x00000000       0x18 obj/mci_hs.o
 .text.MCI_FifoTransfer
                0x00000000       0x84 obj/mci_hs.o
 .text.MCI_GetSpeed
                0x00000000       0x84 obj/mci_hs.o
 .text.MCI_Close
                0x00000000       0x40 obj/mci_hs.o
 .text.MCI_Enable
                0x00000000       0x68 obj/mci_hs.o
 .text          0x00000000        0x0 obj/sdmmc_mci.o
 .bss           0x00000000        0x0 obj/sdmmc_mci.o
 .text.DecodeR1
                0x00000000        0x4 obj/sdmmc_mci.o
 .text.DecodeR2
                0x00000000        0x4 obj/sdmmc_mci.o
 .text.SD_BusWidth
                0x00000000        0x8 obj/sdmmc_mci.o
 .text.SD_DisplaySdStatus
                0x00000000      0x17c obj/sdmmc_mci.o
 .text.SD_DisplayRegisterSCR
                0x00000000       0xdc obj/sdmmc_mci.o
 .text.SD_DisplayRegisterECSD
                0x00000000      0x334 obj/sdmmc_mci.o
 .text.SD_DisplayRegisterCSD
                0x00000000      0x530 obj/sdmmc_mci.o
 .text.SD_DisplayRegisterCID
                0x00000000       0x40 obj/sdmmc_mci.o
 .text.MMC_GetBootSizeKB
                0x00000000       0x7c obj/sdmmc_mci.o
 .text.SD_HighSpeedMode
                0x00000000      0x364 obj/sdmmc_mci.o
 .text.SD_Stop  0x00000000       0x80 obj/sdmmc_mci.o
 .text.SD_Read  0x00000000      0x100 obj/sdmmc_mci.o
 .text.SD_Write
                0x00000000      0x100 obj/sdmmc_mci.o
 .text          0x00000000        0x0 obj/cp15.o
 .data          0x00000000        0x0 obj/cp15.o
 .bss           0x00000000        0x0 obj/cp15.o
 .text.CP15_LockDcache
                0x00000000       0x4c obj/cp15.o
 .text.CP15_LockIcache
                0x00000000       0x4c obj/cp15.o
 .text.CP15_IsDcacheEnabled
                0x00000000       0x20 obj/cp15.o
 .text.CP15_IsMMUEnabled
                0x00000000       0x20 obj/cp15.o
 .text.CP15_IsIcacheEnabled
                0x00000000       0x24 obj/cp15.o
 .text.CP15_DisableDcache
                0x00000000       0x68 obj/cp15.o
 .text.CP15_ShutdownDcache
                0x00000000       0x4c obj/cp15.o
 .text.CP15_EnableDcache
                0x00000000       0x9c obj/cp15.o
 .text.CP15_DisableMMU
                0x00000000       0x68 obj/cp15.o
 .text.CP15_EnableMMU
                0x00000000       0x68 obj/cp15.o
 .text.CP15_DisableIcache
                0x00000000       0x68 obj/cp15.o
 .text.CP15_EnableIcache
                0x00000000       0x68 obj/cp15.o
 .rodata.str1.4
                0x00000000      0x17c obj/cp15.o
 .data          0x00000000        0x0 /indevel/minibox-android/arm-toolchains/codesourcery/arm-2009q3/bin/../lib/gcc/arm-none-eabi/4.4.1/libgcc.a(_udivsi3.o)
 .bss           0x00000000        0x0 /indevel/minibox-android/arm-toolchains/codesourcery/arm-2009q3/bin/../lib/gcc/arm-none-eabi/4.4.1/libgcc.a(_udivsi3.o)
 .data          0x00000000        0x0 /indevel/minibox-android/arm-toolchains/codesourcery/arm-2009q3/bin/../lib/gcc/arm-none-eabi/4.4.1/libgcc.a(_dvmd_tls.o)
 .bss           0x00000000        0x0 /indevel/minibox-android/arm-toolchains/codesourcery/arm-2009q3/bin/../lib/gcc/arm-none-eabi/4.4.1/libgcc.a(_dvmd_tls.o)
 .data          0x00000000        0x0 /indevel/minibox-android/arm-toolchains/codesourcery/arm-2009q3/bin/../lib/gcc/arm-none-eabi/4.4.1/../../../../arm-none-eabi/lib/libc.a(lib_a-memcmp.o)
 .bss           0x00000000        0x0 /indevel/minibox-android/arm-toolchains/codesourcery/arm-2009q3/bin/../lib/gcc/arm-none-eabi/4.4.1/../../../../arm-none-eabi/lib/libc.a(lib_a-memcmp.o)

Memory Configuration

Name             Origin             Length             Attributes
sram             0x00300000         0x00010000         w !xr
ddr_ebi0         0x70000000         0x08000000         w !xr
ddr_ebi1         0x20000000         0x08000000         w !xr
*default*        0x00000000         0xffffffff

Linker script and memory map

LOAD obj/board_cstartup.o
LOAD obj/cp15_asm_gcc.o
LOAD obj/main.o
LOAD obj/pio.o
LOAD obj/aic.o
LOAD obj/board_memories.o
LOAD obj/board_lowlevel.o
LOAD obj/stdio.o
LOAD obj/string.o
LOAD obj/dbgu.o
LOAD obj/trace.o
LOAD obj/BootSdcard.o
LOAD obj/diskio.o
LOAD obj/tff.o
LOAD obj/Media.o
LOAD obj/MEDSdcard.o
LOAD obj/dmad.o
LOAD obj/dma.o
LOAD obj/mci_hs.o
LOAD obj/sdmmc_mci.o
LOAD obj/cp15.o
START GROUP
LOAD /indevel/minibox-android/arm-toolchains/codesourcery/arm-2009q3/bin/../lib/gcc/arm-none-eabi/4.4.1/libgcc.a
LOAD /indevel/minibox-android/arm-toolchains/codesourcery/arm-2009q3/bin/../lib/gcc/arm-none-eabi/4.4.1/../../../../arm-none-eabi/lib/libc.a
END GROUP

.fixed0         0x00300000     0x8b4c
                0x00300000                . = ALIGN (0x4)
                0x00300000                _sfixed0 = .
 *(.vectors)
 .vectors       0x00300000       0x6c obj/board_cstartup.o
 *(.ramfunc)
 *(.text*)
 *fill*         0x0030006c        0x4 00
 .text          0x00300070       0xc0 obj/board_cstartup.o
                0x00300070                entry
 .text.main     0x00300130      0x240 obj/main.o
                0x00300130                main
 .text.PIO_Configure
                0x00300370      0x128 obj/pio.o
                0x00300370                PIO_Configure
 .text.PIO_Get  0x00300498       0x30 obj/pio.o
                0x00300498                PIO_Get
 .text.IRQ_ConfigureIT
                0x003004c8       0x34 obj/aic.o
                0x003004c8                IRQ_ConfigureIT
 .text.IRQ_EnableIT
                0x003004fc       0x14 obj/aic.o
                0x003004fc                IRQ_EnableIT
 .text.BOARD_RemapRam
                0x00300510       0x10 obj/board_memories.o
                0x00300510                BOARD_RemapRam
 .text.BOARD_ConfigureDdram
                0x00300520      0x688 obj/board_memories.o
                0x00300520                BOARD_ConfigureDdram
 .text.defaultSpuriousHandler
                0x00300ba8        0x4 obj/board_lowlevel.o
                0x00300ba8                defaultSpuriousHandler
 .text.defaultFiqHandler
                0x00300bac        0x4 obj/board_lowlevel.o
                0x00300bac                defaultFiqHandler
 .text.defaultIrqHandler
                0x00300bb0        0x4 obj/board_lowlevel.o
                0x00300bb0                defaultIrqHandler
 .text.LowLevelInit
                0x00300bb4      0x14c obj/board_lowlevel.o
                0x00300bb4                LowLevelInit
 .text.PutUnsignedInt
                0x00300d00       0xcc obj/stdio.o
                0x00300d00                PutUnsignedInt
 .text.PutSignedInt
                0x00300dcc      0x10c obj/stdio.o
                0x00300dcc                PutSignedInt
 .text.PutHexa  0x00300ed8       0xd8 obj/stdio.o
                0x00300ed8                PutHexa
 .text.vsnprintf
                0x00300fb0      0x278 obj/stdio.o
                0x00300fb0                vsnprintf
 .text.vsprintf
                0x00301228       0x28 obj/stdio.o
                0x00301228                vsprintf
 .text.vfprintf
                0x00301250       0xb0 obj/stdio.o
                0x00301250                vfprintf
 .text.vprintf  0x00301300       0x38 obj/stdio.o
                0x00301300                vprintf
 .text.printf   0x00301338       0x3c obj/stdio.o
                0x00301338                printf
 .text.memcpy   0x00301374      0x11c obj/string.o
                0x00301374                memcpy
 .text.memset   0x00301490       0xfc obj/string.o
                0x00301490                memset
 .text.DBGU_Configure
                0x0030158c       0x58 obj/dbgu.o
                0x0030158c                DBGU_Configure
 .text.DBGU_PutChar
                0x003015e4       0x2c obj/dbgu.o
                0x003015e4                DBGU_PutChar
 .text.fputc    0x00301610       0x54 obj/trace.o
                0x00301610                fputc
 .text.putchar  0x00301664       0x2c obj/trace.o
                0x00301664                putchar
 .text.fputs    0x00301690       0x5c obj/trace.o
                0x00301690                fputs
 .text.PrintChar
                0x003016ec       0x44 obj/trace.o
 .text.TRACE_DumpMemory
                0x00301730      0x720 obj/trace.o
                0x00301730                TRACE_DumpMemory
 .text.BOOT_SDcard_CopyFile
                0x00301e50      0x1d8 obj/BootSdcard.o
                0x00301e50                BOOT_SDcard_CopyFile
 .text.disk_initialize
                0x00302028       0x18 obj/diskio.o
                0x00302028                disk_initialize
 .text.disk_status
                0x00302040       0x1c obj/diskio.o
                0x00302040                disk_status
 .text.disk_read
                0x0030205c       0xbc obj/diskio.o
                0x0030205c                disk_read
 .text.f_mount  0x00302118       0x38 obj/tff.o
                0x00302118                f_mount
 .text.validate
                0x00302150       0x4c obj/tff.o
 .text.f_close  0x0030219c       0x30 obj/tff.o
                0x0030219c                f_close
 .text.move_window
                0x003021cc       0x68 obj/tff.o
 .text.get_cluster
                0x00302234      0x180 obj/tff.o
 .text.next_dir_entry
                0x003023b4       0xd0 obj/tff.o
 .text.check_fs
                0x00302484       0xb8 obj/tff.o
 .text.auto_mount
                0x0030253c      0x290 obj/tff.o
 .text.trace_path
                0x003027cc      0x348 obj/tff.o
 .text.f_open   0x00302b14       0xfc obj/tff.o
                0x00302b14                f_open
 .text.f_read   0x00302c10      0x268 obj/tff.o
                0x00302c10                f_read
 .text.MEDSdcard_Write
                0x00302e78       0xc4 obj/MEDSdcard.o
 .text.ConfigurePIO
                0x00302f3c       0x8c obj/MEDSdcard.o
 .text.CardIsConnected
                0x00302fc8       0x8c obj/MEDSdcard.o
 .text.MEDSdcard_Initialize
                0x00303054      0x254 obj/MEDSdcard.o
                0x00303054                MEDSdcard_Initialize
 .text.MEDSdcard_Read
                0x003032a8       0xcc obj/MEDSdcard.o
 .text.MCI0_IrqHandler
                0x00303374       0x24 obj/MEDSdcard.o
                0x00303374                MCI0_IrqHandler
 .text.DMAD_Initialize
                0x00303398      0x12c obj/dmad.o
                0x00303398                DMAD_Initialize
 .text.DMAD_Handler
                0x003034c4      0x4d4 obj/dmad.o
                0x003034c4                DMAD_Handler
 .text.DMA_Enable
                0x00303998       0x10 obj/dma.o
                0x00303998                DMA_Enable
 .text.DMA_EnableIt
                0x003039a8        0xc obj/dma.o
                0x003039a8                DMA_EnableIt
 .text.DMA_DisableIt
                0x003039b4        0xc obj/dma.o
                0x003039b4                DMA_DisableIt
 .text.DMA_GetStatus
                0x003039c0        0xc obj/dma.o
                0x003039c0                DMA_GetStatus
 .text.DMA_GetInterruptMask
                0x003039cc        0xc obj/dma.o
                0x003039cc                DMA_GetInterruptMask
 .text.DMA_GetChannelStatus
                0x003039d8        0xc obj/dma.o
                0x003039d8                DMA_GetChannelStatus
 .text.DMA_SetConfiguration
                0x003039e4       0x54 obj/dma.o
                0x003039e4                DMA_SetConfiguration
 .text.DMA_SetDestBufferMode
                0x00303a38       0xf8 obj/dma.o
                0x00303a38                DMA_SetDestBufferMode
 .text.DMA_SetSourceBufferMode
                0x00303b30      0x110 obj/dma.o
                0x00303b30                DMA_SetSourceBufferMode
 .text.DMA_SetSourceBufferSize
                0x00303c40       0xb8 obj/dma.o
                0x00303c40                DMA_SetSourceBufferSize
 .text.DMA_SetDescriptorAddr
                0x00303cf8       0x54 obj/dma.o
                0x00303cf8                DMA_SetDescriptorAddr
 .text.DMA_SetDestinationAddr
                0x00303d4c       0x50 obj/dma.o
                0x00303d4c                DMA_SetDestinationAddr
 .text.DMA_SetSourceAddr
                0x00303d9c       0x54 obj/dma.o
                0x00303d9c                DMA_SetSourceAddr
 .text.DMA_ClearAutoMode
                0x00303df0       0x5c obj/dma.o
                0x00303df0                DMA_ClearAutoMode
 .text.DMA_KeeponChannel
                0x00303e4c       0x54 obj/dma.o
                0x00303e4c                DMA_KeeponChannel
 .text.DMA_DisableChannel
                0x00303ea0       0x54 obj/dma.o
                0x00303ea0                DMA_DisableChannel
 .text.DMA_EnableChannel
                0x00303ef4       0x54 obj/dma.o
                0x00303ef4                DMA_EnableChannel
 .text.MCI_IsTxComplete
                0x00303f48       0x18 obj/mci_hs.o
                0x00303f48                MCI_IsTxComplete
 .text.MCI_SetBusWidth
                0x00303f60       0x64 obj/mci_hs.o
                0x00303f60                MCI_SetBusWidth
 .text.MCI_EnableHsMode
                0x00303fc4       0x58 obj/mci_hs.o
                0x00303fc4                MCI_EnableHsMode
 .text.MCI_SetSpeed
                0x0030401c      0x144 obj/mci_hs.o
                0x0030401c                MCI_SetSpeed
 .text.MCI_Init
                0x00304160      0x138 obj/mci_hs.o
                0x00304160                MCI_Init
 .text.MCI_Handler
                0x00304298      0x368 obj/mci_hs.o
                0x00304298                MCI_Handler
 .text.MCI_CheckBusy
                0x00304600       0xd8 obj/mci_hs.o
                0x00304600                MCI_CheckBusy
 .text.T.46     0x003046d8       0x30 obj/mci_hs.o
 .text.MCI_SendCommand
                0x00304708      0x518 obj/mci_hs.o
                0x00304708                MCI_SendCommand
 .text.MMC_GetTotalSizeKB
                0x00304c20       0x64 obj/sdmmc_mci.o
                0x00304c20                MMC_GetTotalSizeKB
 .text.GetTransSpeedValue
                0x00304c84      0x118 obj/sdmmc_mci.o
                0x00304c84                GetTransSpeedValue
 .text.SendCommand
                0x00304d9c       0x88 obj/sdmmc_mci.o
 .text.Cmd12    0x00304e24       0x84 obj/sdmmc_mci.o
 .text.Cmd13    0x00304ea8       0x70 obj/sdmmc_mci.o
 .text.Cmd7     0x00304f18       0x68 obj/sdmmc_mci.o
 .text.MmcSelectCard
                0x00304f80      0x104 obj/sdmmc_mci.o
 .text.Cmd6     0x00305084      0x1f0 obj/sdmmc_mci.o
 .text.Cmd9     0x00305274       0x74 obj/sdmmc_mci.o
 .text.Cmd8     0x003052e8      0x110 obj/sdmmc_mci.o
 .text.Cmd55    0x003053f8       0x7c obj/sdmmc_mci.o
 .text.SwReset  0x00305474      0x1a4 obj/sdmmc_mci.o
 .text.Acmd41   0x00305618       0xd4 obj/sdmmc_mci.o
 .text.SdMmcUpdateInformation
                0x003056ec      0x2b8 obj/sdmmc_mci.o
 .text.SD_Init  0x003059a4      0xa70 obj/sdmmc_mci.o
                0x003059a4                SD_Init
 .text.T.100    0x00306414      0x370 obj/sdmmc_mci.o
 .text.SD_ReadBlock
                0x00306784      0x17c obj/sdmmc_mci.o
                0x00306784                SD_ReadBlock
 .text.SD_WriteBlock
                0x00306900      0x180 obj/sdmmc_mci.o
                0x00306900                SD_WriteBlock
 .text          0x00306a80      0x114 /indevel/minibox-android/arm-toolchains/codesourcery/arm-2009q3/bin/../lib/gcc/arm-none-eabi/4.4.1/libgcc.a(_udivsi3.o)
                0x00306a80                __udivsi3
                0x00306a80                __aeabi_uidiv
                0x00306b74                __aeabi_uidivmod
 .text          0x00306b94        0x4 /indevel/minibox-android/arm-toolchains/codesourcery/arm-2009q3/bin/../lib/gcc/arm-none-eabi/4.4.1/libgcc.a(_dvmd_tls.o)
                0x00306b94                __aeabi_ldiv0
                0x00306b94                __aeabi_idiv0
 .text          0x00306b98       0xa8 /indevel/minibox-android/arm-toolchains/codesourcery/arm-2009q3/bin/../lib/gcc/arm-none-eabi/4.4.1/../../../../arm-none-eabi/lib/libc.a(lib_a-memcmp.o)
                0x00306b98                memcmp
 *(.rodata*)
 .rodata        0x00306c40        0xc obj/main.o
 .rodata.str1.4
                0x00306c4c      0x116 obj/main.o
                                0x11c (size before relaxing)
 *fill*         0x00306d62        0x2 00
 .rodata.str1.4
                0x00306d64       0x24 obj/stdio.o
 .rodata.str1.4
                0x00306d88       0xbd obj/trace.o
                                 0xcc (size before relaxing)
 *fill*         0x00306e45        0x3 00
 .rodata.str1.4
                0x00306e48       0xb3 obj/BootSdcard.o
                                 0xb4 (size before relaxing)
 *fill*         0x00306efb        0x1 00
 .rodata        0x00306efc       0x10 obj/diskio.o
 .rodata.str1.4
                0x00306f0c       0x34 obj/diskio.o
 .rodata.str1.4
                0x00306f40        0xa obj/tff.o
                                  0xc (size before relaxing)
 *fill*         0x00306f4a        0x2 00
 .rodata        0x00306f4c       0x48 obj/MEDSdcard.o
 .rodata.str1.4
                0x00306f94      0x207 obj/MEDSdcard.o
                                0x208 (size before relaxing)
 *fill*         0x0030719b        0x1 00
 .rodata.str1.4
                0x0030719c       0x8b obj/dmad.o
                                 0x9c (size before relaxing)
 *fill*         0x00307227        0x1 00
 .rodata.str1.4
                0x00307228       0x6f obj/dma.o
                                 0x80 (size before relaxing)
 *fill*         0x00307297        0x1 00
 .rodata        0x00307298        0x8 obj/mci_hs.o
 .rodata.str1.4
                0x003072a0       0x56 obj/mci_hs.o
                                 0x88 (size before relaxing)
 *fill*         0x003072f6        0x2 00
 .rodata        0x003072f8       0x90 obj/sdmmc_mci.o
 .rodata.str1.4
                0x00307388     0x137c obj/sdmmc_mci.o
                               0x13b0 (size before relaxing)
 *(.data)
 .data          0x00308704       0x14 obj/main.o
                0x00308704                tabDesc
 .data          0x00308718      0x430 obj/stdio.o
                0x00308718                _impure_ptr
                0x00308720                r
 .data          0x00308b48        0x1 obj/mci_hs.o
 .data          0x00308b49        0x1 obj/sdmmc_mci.o
                0x00308b49                gSdmmcAutoHsEnable
 *(.glue_7)
 .glue_7        0x00000000        0x0 linker stubs
 *(.glue_7t)
 .glue_7t       0x00000000        0x0 linker stubs
                0x00308b4c                . = ALIGN (0x4)
 *fill*         0x00308b4a        0x2 00
                0x00308b4c                _efixed0 = .
                0x00308b4c                _efixed = .

.vfp11_veneer   0x00000000        0x0
 .vfp11_veneer  0x00000000        0x0 linker stubs

.v4_bx          0x00000000        0x0
 .v4_bx         0x00000000        0x0 linker stubs

.fixed1         0x00308b4c        0x0
                0x00308b4c                . = ALIGN (0x4)
                0x00308b4c                _sfixed1 = .
                0x00308b4c                . = ALIGN (0x4)
                0x00308b4c                _efixed1 = .

.prerelocate    0x00000000        0x0 load address 0x00308b4c
                0x00000000                . = ALIGN (0x4)
                0x00000000                _sprerelocate = .
                0x00000000                . = ALIGN (0x4)
                0x00000000                _eprerelocate = .

.postrelocate   0x00000000        0x0 load address 0x00308b4c
                0x00000000                . = ALIGN (0x4)
                0x00000000                _spostrelocate = .
                0x00000000                . = ALIGN (0x4)
                0x00000000                _epostrelocate = .

.bss            0x00308b4c      0x5cd
                0x00308b4c                _szero = .
 *(.bss)
 .bss           0x00308b4c      0x23c obj/BootSdcard.o
 .bss           0x00308d88        0x8 obj/tff.o
 .bss           0x00308d90      0x274 obj/MEDSdcard.o
 .bss           0x00309004       0x80 obj/dmad.o
 .bss           0x00309084       0x50 obj/mci_hs.o
                0x003090d4                . = ALIGN (0x4)
                0x003090d4                _ezero = .
 COMMON         0x003090d4       0x45 obj/BootSdcard.o
                0x003090d4                medias
                0x00309118                res
                0x00310000                _sstack = 0x310000
                0x00309119                end = .
OUTPUT(bin/boot-at91sam9g45-ek-sdcard2ddram.elf elf32-littlearm)

.ARM.attributes
                0x00000000       0x2b
 .ARM.attributes
                0x00000000       0x14 obj/board_cstartup.o
 .ARM.attributes
                0x00000014       0x16 obj/cp15_asm_gcc.o
 .ARM.attributes
                0x0000002a       0x30 obj/main.o
 .ARM.attributes
                0x0000005a       0x30 obj/pio.o
 .ARM.attributes
                0x0000008a       0x30 obj/aic.o
 .ARM.attributes
                0x000000ba       0x30 obj/board_memories.o
 .ARM.attributes
                0x000000ea       0x30 obj/board_lowlevel.o
 .ARM.attributes
                0x0000011a       0x30 obj/stdio.o
 .ARM.attributes
                0x0000014a       0x30 obj/string.o
 .ARM.attributes
                0x0000017a       0x30 obj/dbgu.o
 .ARM.attributes
                0x000001aa       0x30 obj/trace.o
 .ARM.attributes
                0x000001da       0x30 obj/BootSdcard.o
 .ARM.attributes
                0x0000020a       0x30 obj/diskio.o
 .ARM.attributes
                0x0000023a       0x30 obj/tff.o
 .ARM.attributes
                0x0000026a       0x30 obj/Media.o
 .ARM.attributes
                0x0000029a       0x30 obj/MEDSdcard.o
 .ARM.attributes
                0x000002ca       0x30 obj/dmad.o
 .ARM.attributes
                0x000002fa       0x30 obj/dma.o
 .ARM.attributes
                0x0000032a       0x30 obj/mci_hs.o
 .ARM.attributes
                0x0000035a       0x30 obj/sdmmc_mci.o
 .ARM.attributes
                0x0000038a       0x30 obj/cp15.o
 .ARM.attributes
                0x000003ba       0x18 /indevel/minibox-android/arm-toolchains/codesourcery/arm-2009q3/bin/../lib/gcc/arm-none-eabi/4.4.1/libgcc.a(_udivsi3.o)
 .ARM.attributes
                0x000003d2       0x16 /indevel/minibox-android/arm-toolchains/codesourcery/arm-2009q3/bin/../lib/gcc/arm-none-eabi/4.4.1/libgcc.a(_dvmd_tls.o)
 .ARM.attributes
                0x000003e8       0x30 /indevel/minibox-android/arm-toolchains/codesourcery/arm-2009q3/bin/../lib/gcc/arm-none-eabi/4.4.1/../../../../arm-none-eabi/lib/libc.a(lib_a-memcmp.o)

.comment        0x00000000      0x31e
 .comment       0x00000000       0x2a obj/main.o
 .comment       0x0000002a       0x2a obj/pio.o
 .comment       0x00000054       0x2a obj/aic.o
 .comment       0x0000007e       0x2a obj/board_memories.o
 .comment       0x000000a8       0x2a obj/board_lowlevel.o
 .comment       0x000000d2       0x2a obj/stdio.o
 .comment       0x000000fc       0x2a obj/string.o
 .comment       0x00000126       0x2a obj/dbgu.o
 .comment       0x00000150       0x2a obj/trace.o
 .comment       0x0000017a       0x2a obj/BootSdcard.o
 .comment       0x000001a4       0x2a obj/diskio.o
 .comment       0x000001ce       0x2a obj/tff.o
 .comment       0x000001f8       0x2a obj/Media.o
 .comment       0x00000222       0x2a obj/MEDSdcard.o
 .comment       0x0000024c       0x2a obj/dmad.o
 .comment       0x00000276       0x2a obj/dma.o
 .comment       0x000002a0       0x2a obj/mci_hs.o
 .comment       0x000002ca       0x2a obj/sdmmc_mci.o
 .comment       0x000002f4       0x2a obj/cp15.o

.debug_line     0x00000000     0x3641
 .debug_line    0x00000000       0xac obj/board_cstartup.o
 .debug_line    0x000000ac      0x30d obj/cp15_asm_gcc.o
 .debug_line    0x000003b9      0x116 obj/main.o
 .debug_line    0x000004cf      0x146 obj/pio.o
 .debug_line    0x00000615       0xbc obj/aic.o
 .debug_line    0x000006d1      0x3da obj/board_memories.o
 .debug_line    0x00000aab       0xf4 obj/board_lowlevel.o
 .debug_line    0x00000b9f      0x426 obj/stdio.o
 .debug_line    0x00000fc5      0x25a obj/string.o
 .debug_line    0x0000121f       0xdd obj/dbgu.o
 .debug_line    0x000012fc      0x3c6 obj/trace.o
 .debug_line    0x000016c2       0xd7 obj/BootSdcard.o
 .debug_line    0x00001799      0x17b obj/diskio.o
 .debug_line    0x00001914      0x474 obj/tff.o
 .debug_line    0x00001d88       0x9d obj/Media.o
 .debug_line    0x00001e25      0x31a obj/MEDSdcard.o
 .debug_line    0x0000213f      0x1c6 obj/dmad.o
 .debug_line    0x00002305      0x2b4 obj/dma.o
 .debug_line    0x000025b9      0x3f8 obj/mci_hs.o
 .debug_line    0x000029b1      0xb3c obj/sdmmc_mci.o
 .debug_line    0x000034ed      0x154 obj/cp15.o

.debug_info     0x00000000     0xbd74
 .debug_info    0x00000000       0xb7 obj/board_cstartup.o
 .debug_info    0x000000b7       0xb0 obj/cp15_asm_gcc.o
 .debug_info    0x00000167      0x5f5 obj/main.o
 .debug_info    0x0000075c      0x879 obj/pio.o
 .debug_info    0x00000fd5      0x25c obj/aic.o
 .debug_info    0x00001231      0xc46 obj/board_memories.o
 .debug_info    0x00001e77      0x52d obj/board_lowlevel.o
 .debug_info    0x000023a4     0x102f obj/stdio.o
 .debug_info    0x000033d3      0x358 obj/string.o
 .debug_info    0x0000372b      0x285 obj/dbgu.o
 .debug_info    0x000039b0      0xbea obj/trace.o
 .debug_info    0x0000459a      0x63c obj/BootSdcard.o
 .debug_info    0x00004bd6      0x6bd obj/diskio.o
 .debug_info    0x00005293      0xcfc obj/tff.o
 .debug_info    0x00005f8f      0x359 obj/Media.o
 .debug_info    0x000062e8     0x1166 obj/MEDSdcard.o
 .debug_info    0x0000744e      0x668 obj/dmad.o
 .debug_info    0x00007ab6      0x6db obj/dma.o
 .debug_info    0x00008191     0x14d4 obj/mci_hs.o
 .debug_info    0x00009665     0x24a6 obj/sdmmc_mci.o
 .debug_info    0x0000bb0b      0x269 obj/cp15.o

.debug_abbrev   0x00000000     0x2142
 .debug_abbrev  0x00000000       0x12 obj/board_cstartup.o
 .debug_abbrev  0x00000012       0x12 obj/cp15_asm_gcc.o
 .debug_abbrev  0x00000024      0x198 obj/main.o
 .debug_abbrev  0x000001bc      0x1b3 obj/pio.o
 .debug_abbrev  0x0000036f       0xd2 obj/aic.o
 .debug_abbrev  0x00000441      0x18b obj/board_memories.o
 .debug_abbrev  0x000005cc       0xa9 obj/board_lowlevel.o
 .debug_abbrev  0x00000675      0x34f obj/stdio.o
 .debug_abbrev  0x000009c4      0x11d obj/string.o
 .debug_abbrev  0x00000ae1       0xc4 obj/dbgu.o
 .debug_abbrev  0x00000ba5      0x241 obj/trace.o
 .debug_abbrev  0x00000de6      0x196 obj/BootSdcard.o
 .debug_abbrev  0x00000f7c      0x1b6 obj/diskio.o
 .debug_abbrev  0x00001132      0x2d4 obj/tff.o
 .debug_abbrev  0x00001406      0x113 obj/Media.o
 .debug_abbrev  0x00001519      0x276 obj/MEDSdcard.o
 .debug_abbrev  0x0000178f      0x162 obj/dmad.o
 .debug_abbrev  0x000018f1      0x181 obj/dma.o
 .debug_abbrev  0x00001a72      0x2c0 obj/mci_hs.o
 .debug_abbrev  0x00001d32      0x323 obj/sdmmc_mci.o
 .debug_abbrev  0x00002055       0xed obj/cp15.o

.debug_aranges  0x00000000      0x8d8
 .debug_aranges
                0x00000000       0x28 obj/board_cstartup.o
 .debug_aranges
                0x00000028      0x138 obj/cp15_asm_gcc.o
 .debug_aranges
                0x00000160       0x20 obj/main.o
 .debug_aranges
                0x00000180       0x40 obj/pio.o
 .debug_aranges
                0x000001c0       0x30 obj/aic.o
 .debug_aranges
                0x000001f0       0x68 obj/board_memories.o
 .debug_aranges
                0x00000258       0x38 obj/board_lowlevel.o
 .debug_aranges
                0x00000290       0x88 obj/stdio.o
 .debug_aranges
                0x00000318       0x58 obj/string.o
 .debug_aranges
                0x00000370       0x38 obj/dbgu.o
 .debug_aranges
                0x000003a8       0x60 obj/trace.o
 .debug_aranges
                0x00000408       0x20 obj/BootSdcard.o
 .debug_aranges
                0x00000428       0x40 obj/diskio.o
 .debug_aranges
                0x00000468       0x98 obj/tff.o
 .debug_aranges
                0x00000500       0x20 obj/Media.o
 .debug_aranges
                0x00000520       0x88 obj/MEDSdcard.o
 .debug_aranges
                0x000005a8       0x48 obj/dmad.o
 .debug_aranges
                0x000005f0       0xd0 obj/dma.o
 .debug_aranges
                0x000006c0       0x90 obj/mci_hs.o
 .debug_aranges
                0x00000750      0x110 obj/sdmmc_mci.o
 .debug_aranges
                0x00000860       0x78 obj/cp15.o

.debug_ranges   0x00000000     0x13e8
 .debug_ranges  0x00000000       0x20 obj/board_cstartup.o
 .debug_ranges  0x00000020      0x130 obj/cp15_asm_gcc.o
 .debug_ranges  0x00000150       0x38 obj/main.o
 .debug_ranges  0x00000188       0x38 obj/pio.o
 .debug_ranges  0x000001c0       0x28 obj/aic.o
 .debug_ranges  0x000001e8       0x60 obj/board_memories.o
 .debug_ranges  0x00000248       0x30 obj/board_lowlevel.o
 .debug_ranges  0x00000278      0x170 obj/stdio.o
 .debug_ranges  0x000003e8       0x50 obj/string.o
 .debug_ranges  0x00000438       0x30 obj/dbgu.o
 .debug_ranges  0x00000468       0x58 obj/trace.o
 .debug_ranges  0x000004c0       0x18 obj/BootSdcard.o
 .debug_ranges  0x000004d8       0x88 obj/diskio.o
 .debug_ranges  0x00000560      0x1e0 obj/tff.o
 .debug_ranges  0x00000740       0x48 obj/Media.o
 .debug_ranges  0x00000788       0x80 obj/MEDSdcard.o
 .debug_ranges  0x00000808       0x40 obj/dmad.o
 .debug_ranges  0x00000848       0xc8 obj/dma.o
 .debug_ranges  0x00000910      0x1d8 obj/mci_hs.o
 .debug_ranges  0x00000ae8      0x890 obj/sdmmc_mci.o
 .debug_ranges  0x00001378       0x70 obj/cp15.o

.debug_frame    0x00000000     0x16a4
 .debug_frame   0x00000000       0x38 obj/main.o
 .debug_frame   0x00000038       0x6c obj/pio.o
 .debug_frame   0x000000a4       0x48 obj/aic.o
 .debug_frame   0x000000ec       0xe0 obj/board_memories.o
 .debug_frame   0x000001cc       0x5c obj/board_lowlevel.o
 .debug_frame   0x00000228      0x1e8 obj/stdio.o
 .debug_frame   0x00000410       0xbc obj/string.o
 .debug_frame   0x000004cc       0x60 obj/dbgu.o
 .debug_frame   0x0000052c      0x160 obj/trace.o
 .debug_frame   0x0000068c       0x44 obj/BootSdcard.o
 .debug_frame   0x000006d0       0xa8 obj/diskio.o
 .debug_frame   0x00000778      0x248 obj/tff.o
 .debug_frame   0x000009c0       0x38 obj/Media.o
 .debug_frame   0x000009f8      0x1e8 obj/MEDSdcard.o
 .debug_frame   0x00000be0       0xec obj/dmad.o
 .debug_frame   0x00000ccc      0x22c obj/dma.o
 .debug_frame   0x00000ef8      0x1cc obj/mci_hs.o
 .debug_frame   0x000010c4      0x434 obj/sdmmc_mci.o
 .debug_frame   0x000014f8      0x160 obj/cp15.o
 .debug_frame   0x00001658       0x20 /indevel/minibox-android/arm-toolchains/codesourcery/arm-2009q3/bin/../lib/gcc/arm-none-eabi/4.4.1/libgcc.a(_udivsi3.o)
 .debug_frame   0x00001678       0x2c /indevel/minibox-android/arm-toolchains/codesourcery/arm-2009q3/bin/../lib/gcc/arm-none-eabi/4.4.1/../../../../arm-none-eabi/lib/libc.a(lib_a-memcmp.o)

.debug_loc      0x00000000     0x5e1e
 .debug_loc     0x00000000       0x2b obj/main.o
 .debug_loc     0x0000002b       0x63 obj/pio.o
 .debug_loc     0x0000008e       0x32 obj/aic.o
 .debug_loc     0x000000c0      0x47b obj/board_memories.o
 .debug_loc     0x0000053b       0x1f obj/board_lowlevel.o
 .debug_loc     0x0000055a      0x816 obj/stdio.o
 .debug_loc     0x00000d70      0x35a obj/string.o
 .debug_loc     0x000010ca       0x76 obj/dbgu.o
 .debug_loc     0x00001140      0x553 obj/trace.o
 .debug_loc     0x00001693       0xb1 obj/BootSdcard.o
 .debug_loc     0x00001744      0x428 obj/diskio.o
 .debug_loc     0x00001b6c      0xdf0 obj/tff.o
 .debug_loc     0x0000295c       0xd1 obj/Media.o
 .debug_loc     0x00002a2d      0x62e obj/MEDSdcard.o
 .debug_loc     0x0000305b      0x402 obj/dmad.o
 .debug_loc     0x0000345d      0x6fe obj/dma.o
 .debug_loc     0x00003b5b      0x919 obj/mci_hs.o
 .debug_loc     0x00004474     0x1764 obj/sdmmc_mci.o
 .debug_loc     0x00005bd8      0x246 obj/cp15.o

.debug_pubnames
                0x00000000      0xd00
 .debug_pubnames
                0x00000000       0x27 obj/main.o
 .debug_pubnames
                0x00000027       0x66 obj/pio.o
 .debug_pubnames
                0x0000008d       0x49 obj/aic.o
 .debug_pubnames
                0x000000d6      0x11f obj/board_memories.o
 .debug_pubnames
                0x000001f5       0x6a obj/board_lowlevel.o
 .debug_pubnames
                0x0000025f       0xdf obj/stdio.o
 .debug_pubnames
                0x0000033e       0x6d obj/string.o
 .debug_pubnames
                0x000003ab       0x5a obj/dbgu.o
 .debug_pubnames
                0x00000405       0x9f obj/trace.o
 .debug_pubnames
                0x000004a4       0x3e obj/BootSdcard.o
 .debug_pubnames
                0x000004e2       0x62 obj/diskio.o
 .debug_pubnames
                0x00000544       0x73 obj/tff.o
 .debug_pubnames
                0x000005b7       0x32 obj/Media.o
 .debug_pubnames
                0x000005e9       0xb4 obj/MEDSdcard.o
 .debug_pubnames
                0x0000069d       0xa3 obj/dmad.o
 .debug_pubnames
                0x00000740      0x219 obj/dma.o
 .debug_pubnames
                0x00000959      0x10c obj/mci_hs.o
 .debug_pubnames
                0x00000a65      0x180 obj/sdmmc_mci.o
 .debug_pubnames
                0x00000be5      0x11b obj/cp15.o

.debug_str      0x00000000     0x2ae5
 .debug_str     0x00000000      0x314 obj/main.o
                                0x373 (size before relaxing)
 .debug_str     0x00000314      0x1be obj/pio.o
                                0x414 (size before relaxing)
 .debug_str     0x000004d2       0xfd obj/aic.o
                                0x192 (size before relaxing)
 .debug_str     0x000005cf      0x6a5 obj/board_memories.o
                                0x873 (size before relaxing)
 .debug_str     0x00000c74      0x10c obj/board_lowlevel.o
                                0x362 (size before relaxing)
 .debug_str     0x00000d80      0x462 obj/stdio.o
                                0x5d5 (size before relaxing)
 .debug_str     0x000011e2       0xdf obj/string.o
                                0x1fe (size before relaxing)
 .debug_str     0x000012c1      0x13e obj/dbgu.o
                                0x1de (size before relaxing)
 .debug_str     0x000013ff       0xb9 obj/trace.o
                                0x595 (size before relaxing)
 .debug_str     0x000014b8      0x29e obj/BootSdcard.o
                                0x42c (size before relaxing)
 .debug_str     0x00001756       0xd4 obj/diskio.o
                                0x337 (size before relaxing)
 .debug_str     0x0000182a      0x1ab obj/tff.o
                                0x48c (size before relaxing)
 .debug_str     0x000019d5       0x51 obj/Media.o
                                0x231 (size before relaxing)
 .debug_str     0x00001a26      0x3b9 obj/MEDSdcard.o
                                0x7ec (size before relaxing)
 .debug_str     0x00001ddf      0x1e0 obj/dmad.o
                                0x447 (size before relaxing)
 .debug_str     0x00001fbf      0x328 obj/dma.o
                                0x470 (size before relaxing)
 .debug_str     0x000022e7      0x2bd obj/mci_hs.o
                                0x8b6 (size before relaxing)
 .debug_str     0x000025a4      0x436 obj/sdmmc_mci.o
                                0x9c5 (size before relaxing)
 .debug_str     0x000029da      0x10b obj/cp15.o
                                0x206 (size before relaxing)

Cross Reference Table

Symbol                                            File
BOARD_ConfigureDdram                              obj/board_memories.o
                                                  obj/main.o
BOARD_ConfigureDdramCp1                           obj/board_memories.o
BOARD_ConfigureNandFlash                          obj/board_memories.o
BOARD_ConfigureNandFlash48MHz                     obj/board_memories.o
BOARD_ConfigureNorFlash                           obj/board_memories.o
BOARD_ConfigureNorFlash48MHz                      obj/board_memories.o
BOARD_ConfigureSdram                              obj/board_memories.o
BOARD_ConfigureVddMemSel                          obj/board_memories.o
BOARD_RemapRam                                    obj/board_memories.o
                                                  obj/board_lowlevel.o
BOARD_RemapRom                                    obj/board_memories.o
BOOT_SDcard_CopyFile                              obj/BootSdcard.o
                                                  obj/main.o
CP15_DisableDcache                                obj/cp15.o
CP15_DisableIcache                                obj/cp15.o
CP15_DisableMMU                                   obj/cp15.o
CP15_DrainWriteBuffer                             obj/cp15_asm_gcc.o
                                                  obj/cp15.o
CP15_EnableDcache                                 obj/cp15.o
CP15_EnableIcache                                 obj/cp15.o
CP15_EnableMMU                                    obj/cp15.o
CP15_InvalidateDTLB                               obj/cp15_asm_gcc.o
CP15_InvalidateDTLBMVA                            obj/cp15_asm_gcc.o
CP15_InvalidateDcache                             obj/cp15_asm_gcc.o
                                                  obj/cp15.o
CP15_InvalidateIDcache                            obj/cp15_asm_gcc.o
CP15_InvalidateITLB                               obj/cp15_asm_gcc.o
CP15_InvalidateITLBMVA                            obj/cp15_asm_gcc.o
CP15_InvalidateIcache                             obj/cp15_asm_gcc.o
                                                  obj/cp15.o
CP15_InvalidateTLB                                obj/cp15_asm_gcc.o
                                                  obj/cp15.o
CP15_InvalidateTLBMVA                             obj/cp15_asm_gcc.o
CP15_IsDcacheEnabled                              obj/cp15.o
CP15_IsIcacheEnabled                              obj/cp15.o
CP15_IsMMUEnabled                                 obj/cp15.o
CP15_LockDcache                                   obj/cp15.o
CP15_LockIcache                                   obj/cp15.o
CP15_PrefetchIcacheLine                           obj/cp15_asm_gcc.o
CP15_ReaDcacheType                                obj/cp15_asm_gcc.o
CP15_ReadCacheType                                obj/cp15_asm_gcc.o
CP15_ReadControl                                  obj/cp15_asm_gcc.o
                                                  obj/cp15.o
CP15_ReadDFSR                                     obj/cp15_asm_gcc.o
CP15_ReadDcacheLockdown                           obj/cp15_asm_gcc.o
                                                  obj/cp15.o
CP15_ReadDomainAccessControl                      obj/cp15_asm_gcc.o
CP15_ReadFAR                                      obj/cp15_asm_gcc.o
CP15_ReadFCSE_PID                                 obj/cp15_asm_gcc.o
CP15_ReadID                                       obj/cp15_asm_gcc.o
CP15_ReadIFSR                                     obj/cp15_asm_gcc.o
CP15_ReadIcacheLockdown                           obj/cp15_asm_gcc.o
                                                  obj/cp15.o
CP15_ReadTCMStatus                                obj/cp15_asm_gcc.o
CP15_ReadTLBLockdown                              obj/cp15_asm_gcc.o
CP15_ReadTTB                                      obj/cp15_asm_gcc.o
CP15_ShutdownDcache                               obj/cp15.o
CP15_TestCleanInvalidateDcache                    obj/cp15_asm_gcc.o
                                                  obj/cp15.o
CP15_WaitForInterrupt                             obj/cp15_asm_gcc.o
CP15_WriteControl                                 obj/cp15_asm_gcc.o
                                                  obj/cp15.o
CP15_WriteDcacheLockdown                          obj/cp15_asm_gcc.o
                                                  obj/cp15.o
CP15_WriteDomainAccessControl                     obj/cp15_asm_gcc.o
CP15_WriteFCSE_PID                                obj/cp15_asm_gcc.o
CP15_WriteIFSR                                    obj/cp15_asm_gcc.o
CP15_WriteIcacheLockdown                          obj/cp15_asm_gcc.o
                                                  obj/cp15.o
CP15_WriteTLBLockdown                             obj/cp15_asm_gcc.o
CP15_WriteTTB                                     obj/cp15_asm_gcc.o
CP15_writeDFSR                                    obj/cp15_asm_gcc.o
CP15_writeFAR                                     obj/cp15_asm_gcc.o
DBGU_Configure                                    obj/dbgu.o
                                                  obj/main.o
DBGU_GetChar                                      obj/dbgu.o
                                                  obj/trace.o
DBGU_IsRxReady                                    obj/dbgu.o
DBGU_PutChar                                      obj/dbgu.o
                                                  obj/sdmmc_mci.o
                                                  obj/trace.o
DMAD_BufferTransfer                               obj/dmad.o
DMAD_Configure_Buffer                             obj/dmad.o
DMAD_Configure_TransferController                 obj/dmad.o
DMAD_Handler                                      obj/dmad.o
DMAD_Initialize                                   obj/dmad.o
                                                  obj/MEDSdcard.o
DMAD_IsFinished                                   obj/dmad.o
DMA_ClearAutoMode                                 obj/dma.o
                                                  obj/dmad.o
DMA_Config                                        obj/dma.o
DMA_DPIPconfiguration                             obj/dma.o
                                                  obj/dmad.o
DMA_Disable                                       obj/dma.o
DMA_DisableChannel                                obj/dma.o
                                                  obj/mci_hs.o
                                                  obj/dmad.o
DMA_DisableIt                                     obj/dma.o
                                                  obj/mci_hs.o
                                                  obj/dmad.o
DMA_Enable                                        obj/dma.o
                                                  obj/dmad.o
DMA_EnableChannel                                 obj/dma.o
                                                  obj/mci_hs.o
                                                  obj/dmad.o
DMA_EnableIt                                      obj/dma.o
                                                  obj/mci_hs.o
                                                  obj/dmad.o
DMA_GetChannelStatus                              obj/dma.o
                                                  obj/dmad.o
DMA_GetInterruptMask                              obj/dma.o
                                                  obj/mci_hs.o
DMA_GetMaskedStatus                               obj/dma.o
DMA_GetStatus                                     obj/dma.o
                                                  obj/dmad.o
DMA_KeeponChannel                                 obj/dma.o
                                                  obj/dmad.o
DMA_SPIPconfiguration                             obj/dma.o
                                                  obj/dmad.o
DMA_SetConfiguration                              obj/dma.o
                                                  obj/mci_hs.o
DMA_SetDescriptorAddr                             obj/dma.o
                                                  obj/mci_hs.o
                                                  obj/dmad.o
DMA_SetDestBufferMode                             obj/dma.o
                                                  obj/mci_hs.o
                                                  obj/dmad.o
DMA_SetDestinationAddr                            obj/dma.o
                                                  obj/mci_hs.o
                                                  obj/dmad.o
DMA_SetFlowControl                                obj/dma.o
DMA_SetSourceAddr                                 obj/dma.o
                                                  obj/mci_hs.o
                                                  obj/dmad.o
DMA_SetSourceBufferMode                           obj/dma.o
                                                  obj/mci_hs.o
                                                  obj/dmad.o
DMA_SetSourceBufferSize                           obj/dma.o
                                                  obj/mci_hs.o
                                                  obj/dmad.o
DecodeR1                                          obj/sdmmc_mci.o
DecodeR2                                          obj/sdmmc_mci.o
GetTransSpeedValue                                obj/sdmmc_mci.o
IRQ_ConfigureIT                                   obj/aic.o
                                                  obj/dmad.o
                                                  obj/MEDSdcard.o
IRQ_DisableIT                                     obj/aic.o
IRQ_EnableIT                                      obj/aic.o
                                                  obj/dmad.o
                                                  obj/MEDSdcard.o
LowLevelInit                                      obj/board_lowlevel.o
                                                  obj/board_cstartup.o
MCI0_IrqHandler                                   obj/MEDSdcard.o
MCI_CheckBlke                                     obj/mci_hs.o
MCI_CheckBusy                                     obj/mci_hs.o
                                                  obj/sdmmc_mci.o
MCI_Close                                         obj/mci_hs.o
                                                  obj/sdmmc_mci.o
MCI_Enable                                        obj/mci_hs.o
MCI_EnableHsMode                                  obj/mci_hs.o
                                                  obj/sdmmc_mci.o
MCI_FifoTransfer                                  obj/mci_hs.o
MCI_GetSpeed                                      obj/mci_hs.o
MCI_Handler                                       obj/mci_hs.o
                                                  obj/MEDSdcard.o
MCI_Init                                          obj/mci_hs.o
                                                  obj/MEDSdcard.o
MCI_IsTxComplete                                  obj/mci_hs.o
                                                  obj/sdmmc_mci.o
MCI_SendCommand                                   obj/mci_hs.o
                                                  obj/sdmmc_mci.o
MCI_SetBusWidth                                   obj/mci_hs.o
                                                  obj/sdmmc_mci.o
MCI_SetBusyFix                                    obj/mci_hs.o
MCI_SetSpeed                                      obj/mci_hs.o
                                                  obj/MEDSdcard.o
MEDSdcard_Detect                                  obj/MEDSdcard.o
MEDSdcard_EraseAll                                obj/MEDSdcard.o
MEDSdcard_EraseBlock                              obj/MEDSdcard.o
MEDSdcard_GetDriver                               obj/MEDSdcard.o
MEDSdcard_Initialize                              obj/MEDSdcard.o
                                                  obj/BootSdcard.o
MEDSdusb_Initialize                               obj/MEDSdcard.o
MED_HandleAll                                     obj/Media.o
MMC_GetBootSizeKB                                 obj/sdmmc_mci.o
MMC_GetTotalSizeKB                                obj/sdmmc_mci.o
                                                  obj/MEDSdcard.o
PIO_Clear                                         obj/pio.o
PIO_Configure                                     obj/pio.o
                                                  obj/mci_hs.o
                                                  obj/MEDSdcard.o
                                                  obj/main.o
PIO_Get                                           obj/pio.o
                                                  obj/mci_hs.o
                                                  obj/MEDSdcard.o
PIO_GetOutputDataStatus                           obj/pio.o
PIO_Set                                           obj/pio.o
PutChar                                           obj/stdio.o
PutHexa                                           obj/stdio.o
PutSignedInt                                      obj/stdio.o
PutString                                         obj/stdio.o
PutUnsignedInt                                    obj/stdio.o
SD_BusWidth                                       obj/sdmmc_mci.o
SD_DisplayRegisterCID                             obj/sdmmc_mci.o
SD_DisplayRegisterCSD                             obj/sdmmc_mci.o
SD_DisplayRegisterECSD                            obj/sdmmc_mci.o
SD_DisplayRegisterSCR                             obj/sdmmc_mci.o
SD_DisplaySdStatus                                obj/sdmmc_mci.o
SD_HighSpeedMode                                  obj/sdmmc_mci.o
SD_Init                                           obj/sdmmc_mci.o
                                                  obj/MEDSdcard.o
SD_Read                                           obj/sdmmc_mci.o
                                                  obj/MEDSdcard.o
SD_ReadBlock                                      obj/sdmmc_mci.o
                                                  obj/MEDSdcard.o
SD_Stop                                           obj/sdmmc_mci.o
SD_Write                                          obj/sdmmc_mci.o
                                                  obj/MEDSdcard.o
SD_WriteBlock                                     obj/sdmmc_mci.o
                                                  obj/MEDSdcard.o
TRACE_DumpFrame                                   obj/trace.o
TRACE_DumpMemory                                  obj/trace.o
                                                  obj/main.o
TRACE_GetHexa32                                   obj/trace.o
TRACE_GetInteger                                  obj/trace.o
TRACE_GetIntegerMinMax                            obj/trace.o
__aeabi_idiv0                                     /indevel/minibox-android/arm-toolchains/codesourcery/arm-2009q3/bin/../lib/gcc/arm-none-eabi/4.4.1/libgcc.a(_dvmd_tls.o)
                                                  /indevel/minibox-android/arm-toolchains/codesourcery/arm-2009q3/bin/../lib/gcc/arm-none-eabi/4.4.1/libgcc.a(_udivsi3.o)
__aeabi_ldiv0                                     /indevel/minibox-android/arm-toolchains/codesourcery/arm-2009q3/bin/../lib/gcc/arm-none-eabi/4.4.1/libgcc.a(_dvmd_tls.o)
__aeabi_uidiv                                     /indevel/minibox-android/arm-toolchains/codesourcery/arm-2009q3/bin/../lib/gcc/arm-none-eabi/4.4.1/libgcc.a(_udivsi3.o)
                                                  obj/mci_hs.o
                                                  obj/tff.o
                                                  obj/diskio.o
                                                  obj/dbgu.o
__aeabi_uidivmod                                  /indevel/minibox-android/arm-toolchains/codesourcery/arm-2009q3/bin/../lib/gcc/arm-none-eabi/4.4.1/libgcc.a(_udivsi3.o)
                                                  obj/mci_hs.o
__udivsi3                                         /indevel/minibox-android/arm-toolchains/codesourcery/arm-2009q3/bin/../lib/gcc/arm-none-eabi/4.4.1/libgcc.a(_udivsi3.o)
_efixed                                           obj/board_cstartup.o
_epostrelocate                                    obj/board_cstartup.o
_eprerelocate                                     obj/board_cstartup.o
_ezero                                            obj/board_cstartup.o
_impure_ptr                                       obj/stdio.o
                                                  obj/trace.o
_spostrelocate                                    obj/board_cstartup.o
_sprerelocate                                     obj/board_cstartup.o
_sstack                                           obj/board_cstartup.o
_szero                                            obj/board_cstartup.o
defaultFiqHandler                                 obj/board_lowlevel.o
defaultIrqHandler                                 obj/board_lowlevel.o
defaultSpuriousHandler                            obj/board_lowlevel.o
disk_initialize                                   obj/diskio.o
                                                  obj/tff.o
disk_ioctl                                        obj/diskio.o
disk_read                                         obj/diskio.o
                                                  obj/tff.o
disk_status                                       obj/diskio.o
                                                  obj/tff.o
disk_write                                        obj/diskio.o
entry                                             obj/board_cstartup.o
f_close                                           obj/tff.o
                                                  obj/BootSdcard.o
f_lseek                                           obj/tff.o
f_mount                                           obj/tff.o
                                                  obj/BootSdcard.o
f_open                                            obj/tff.o
                                                  obj/BootSdcard.o
f_opendir                                         obj/tff.o
f_read                                            obj/tff.o
                                                  obj/BootSdcard.o
f_readdir                                         obj/tff.o
f_stat                                            obj/tff.o
fprintf                                           obj/stdio.o
fputc                                             obj/trace.o
fputs                                             obj/trace.o
                                                  obj/stdio.o
gSdmmcAutoHsEnable                                obj/sdmmc_mci.o
main                                              obj/main.o
                                                  obj/board_cstartup.o
medias                                            obj/diskio.o
                                                  obj/BootSdcard.o
memcmp                                            /indevel/minibox-android/arm-toolchains/codesourcery/arm-2009q3/bin/../lib/gcc/arm-none-eabi/4.4.1/../../../../arm-none-eabi/lib/libc.a(lib_a-memcmp.o)
                                                  obj/tff.o
memcpy                                            obj/string.o
                                                  obj/tff.o
memset                                            obj/string.o
                                                  obj/MEDSdcard.o
                                                  obj/tff.o
                                                  obj/BootSdcard.o
numMedias                                         obj/Media.o
printf                                            obj/stdio.o
                                                  obj/cp15.o
                                                  obj/sdmmc_mci.o
                                                  obj/mci_hs.o
                                                  obj/dma.o
                                                  obj/dmad.o
                                                  obj/MEDSdcard.o
                                                  obj/diskio.o
                                                  obj/BootSdcard.o
                                                  obj/trace.o
                                                  obj/main.o
putchar                                           obj/trace.o
puts                                              obj/stdio.o
r                                                 obj/stdio.o
res                                               obj/BootSdcard.o
snprintf                                          obj/stdio.o
sprintf                                           obj/stdio.o
strchr                                            obj/string.o
strcpy                                            obj/string.o
strlen                                            obj/string.o
strncmp                                           obj/string.o
strncpy                                           obj/string.o
strrchr                                           obj/string.o
tabDesc                                           obj/main.o
vfprintf                                          obj/stdio.o
vprintf                                           obj/stdio.o
vsnprintf                                         obj/stdio.o
vsprintf                                          obj/stdio.o
